42, -999999999999999, 4.5, -0.25, 0.0, "hello \"world\" \\ !", foo123/456, *tok:en, :cHJldGVuZCB0aGlzIGlzIGJpbmFyeSBjb250ZW50Lg==:, ::, ?1, ?0, @1659578233, @-1, %"f%c3%bc%c3%bc %25 %22 %0a", ("foo";a=1;b=2);lvl=5, ("bar" "baz");lvl=1, ();empty, abc;a=1;b=2;cde_456, (ghi;jk=4 l);q="9";r=w, 1;a;b=?0, 5;foo=bar;*=@0;x.y-z_9=%"%c3%a9"
