{"time":"2026-09-26T07:46:12.345678Z","level":"INFO","msg":"listening","component":"gateway","node_id":"01J9Z8Q4W6X3V5T7R2N0M1K8H4","trace_id":"4bf92f3577b34da6a3ce929d0e0e4736","span_id":"00f067aa0ba902b7","listener":"public","address":"0.0.0.0:8443"}
{"time":"2026-09-26T07:46:12.345678Z","level":"WARN","msg":"upstream degraded","component":"gateway","node_id":"01J9Z8Q4W6X3V5T7R2N0M1K8H4","revision":"rev-4f2a9c01b7de","trace_id":"4bf92f3577b34da6a3ce929d0e0e4736","span_id":"00f067aa0ba902b7","upstream":"orders","reason":"discovery_stale","age":90000000000}
{"time":"2026-09-26T07:46:12.345678Z","level":"ERROR","msg":"activation failed","component":"loader","node_id":"01J9Z8Q4W6X3V5T7R2N0M1K8H4","revision":"rev-4f2a9c01b7de","trace_id":"4bf92f3577b34da6a3ce929d0e0e4736","span_id":"00f067aa0ba902b7","code":"RZ-CFG-026","error":"secretRef env:DB_URL: variable \"DB_URL\" is not set","file":"gateway.yaml","value":"[REDACTED]","line":12}
{"time":"2026-09-26T07:46:12.345678Z","level":"DEBUG","msg":"tap subscriber","component":"admin","node_id":"01J9Z8Q4W6X3V5T7R2N0M1K8H4","revision":"rev-4f2a9c01b7de","trace_id":"4bf92f3577b34da6a3ce929d0e0e4736","span_id":"00f067aa0ba902b7","request":{"headers":{"Accept":["application/x-ndjson"],"Authorization":["[REDACTED]"]},"note":"line\nbreak \"quoted\" \u0000 \ufffd"}}
